curve semeion t/rank 257 32 groups 64
curve semeion t/rank 257 64 groups 32
curve semeion t/rank 769 32 groups 64
curve semeion t/rank 769 64 groups 32
curve semeion t/rank 1153 32 groups 64
curve semeion t/rank 1153 64 groups 32
selected_deterministic semeion 3002 t/Qbits/F/h/W 257 32 23 1401 1472
query 295 native 92.19 phase 8676834
query 1231 native 91.47 phase 10214979
query 1408 native 91.23 phase 9180811
query 90 native 91.36 phase 9486384
query 854 native 90.61 phase 9541896
query 990 native 90.81 phase 9131467
query 946 native 91.23 phase 9049741
query 306 native 90.79 phase 9458628
query 17 native 91.38 phase 10668327
baseline_t1153_q40 semeion 3002 t/Qbits/F/h/W 1153 40 23 1401 1472
query 295 native 86.58 phase 199534721
query 1231 native 86.43 phase 232463248
query 1408 native 86.22 phase 195344719
query 90 native 87.38 phase 191950287
query 854 native 87.6 phase 204455725
query 990 native 87.07 phase 187891727
query 946 native 86.83 phase 188056216
query 306 native 86.44 phase 179842634
query 17 native 87.03 phase 175913028
{"output": "benchmarks/results/field_frontier_semeion_3002_20260929.json", "searches": 18}
