curve semeion t/rank 257 32 groups 64
curve semeion t/rank 257 64 groups 32
curve semeion t/rank 769 32 groups 64
curve semeion t/rank 769 64 groups 32
curve semeion t/rank 1153 32 groups 64
curve semeion t/rank 1153 64 groups 32
baseline_t1153_q40 semeion 3001 t/Qbits/F/h/W 1153 40 23 1401 1472
query 1099 native 87.29 phase 210759176
query 1463 native 87.65 phase 188209955
query 826 native 87.14 phase 179936027
query 392 native 86.55 phase 188869471
query 750 native 86.52 phase 196894351
query 1316 native 86.58 phase 201709279
query 1233 native 87.8 phase 174212535
query 338 native 86.86 phase 188977853
query 875 native 87.93 phase 211248048
selected_deterministic semeion 3001 t/Qbits/F/h/W 257 32 23 1401 1472
query 1099 native 92.45 phase 9597151
query 1463 native 93.09 phase 11787305
query 826 native 91.51 phase 9215506
query 392 native 91.77 phase 10391795
query 750 native 91.37 phase 9315993
query 1316 native 92.45 phase 9467623
query 1233 native 91.8 phase 9705091
query 338 native 92.21 phase 10012720
query 875 native 92.16 phase 11590443
{"output": "benchmarks/results/field_frontier_semeion_3001_20260929.json", "searches": 18}
