curve mushroom t/rank 127 32 groups 24
curve mushroom t/rank 127 64 groups 9
curve mushroom t/rank 193 32 groups 24
curve mushroom t/rank 193 64 groups 9
curve mushroom t/rank 257 32 groups 24
curve mushroom t/rank 257 64 groups 9
curve mushroom t/rank 1153 32 groups 24
curve mushroom t/rank 1153 64 groups 9
selected_deterministic mushroom 3002 t/Qbits/F/h/W 193 32 32 596 1024
query 7233 native 87.98 phase 4449453
query 5823 native 88.09 phase 4755472
query 6452 native 88.89 phase 4519875
query 84 native 88.6 phase 4642253
query 5743 native 87.99 phase 4655206
query 735 native 94.99 phase 4689148
query 4381 native 88.66 phase 4292792
query 6413 native 88.77 phase 5597108
query 4850 native 88.86 phase 5282607
baseline_t1153_q40 mushroom 3002 t/Qbits/F/h/W 1153 40 32 596 1024
query 7233 native 83.51 phase 164620716
query 5823 native 83.49 phase 165535817
query 6452 native 84.09 phase 176716044
query 84 native 83.48 phase 178247762
query 5743 native 84.2 phase 158358785
query 735 native 85.11 phase 155158808
query 4381 native 84.55 phase 202202096
query 6413 native 84.98 phase 205192745
query 4850 native 84.13 phase 164812906
{"output": "benchmarks/results/field_frontier_mushroom_3002_20260929.json", "searches": 18}
