curve mushroom t/rank 127 32 groups 20
curve mushroom t/rank 127 64 groups 8
curve mushroom t/rank 193 32 groups 20
curve mushroom t/rank 193 64 groups 8
curve mushroom t/rank 257 32 groups 20
curve mushroom t/rank 257 64 groups 8
curve mushroom t/rank 1153 32 groups 20
curve mushroom t/rank 1153 64 groups 8
baseline_t1153_q40 mushroom 3001 t/Qbits/F/h/W 1153 40 32 523 1024
query 893 native 81.99 phase 193884283
query 6760 native 87.83 phase 151525002
query 1698 native 81.95 phase 179732956
query 5335 native 82.51 phase 188512000
query 517 native 82.29 phase 168964214
query 8074 native 82.54 phase 158498260
query 55 native 83.22 phase 155151757
query 7265 native 82.96 phase 166706470
query 5271 native 82.71 phase 163302942
selected_deterministic mushroom 3001 t/Qbits/F/h/W 193 32 32 523 1024
query 893 native 89.17 phase 4380853
query 6760 native 88.35 phase 4033819
query 1698 native 88.64 phase 4666933
query 5335 native 88.53 phase 5091331
query 517 native 87.74 phase 4141676
query 8074 native 90.63 phase 4381270
query 55 native 88.66 phase 4703228
query 7265 native 89.52 phase 4711663
query 5271 native 88.6 phase 4506264
{"output": "benchmarks/results/field_frontier_mushroom_3001_20260929.json", "searches": 18}
