case local depth None degrees (32, 32, 32, 32, 32, 32, 32, 32, 32, 32, 32, 32, 32, 32, 32, 32, 32, 32, 32, 32, 32, 32, 32, 32, 32, 32, 32, 32, 32, 32, 32, 32)
index ready 3001 columns 32 mask dimensions 523
query 5311 GMP_s 0.9467 native_s 0.0774
query 5077 GMP_s 0.9595 native_s 0.0783
query 1227 GMP_s 0.9549 native_s 0.0784
query 1058 GMP_s 0.9419 native_s 0.0782
case flat_equal depth -1 degrees (32, 32, 32, 32, 32, 32, 32, 32, 32, 32, 32, 32, 32, 32, 32, 32, 32, 32, 32, 32, 32, 32, 32, 32, 32, 32, 32, 32, 32, 32, 32, 32)
index ready 3001 columns 32 mask dimensions 194
query 5311 GMP_s 0.9555 native_s 0.0816
query 5077 GMP_s 0.952 native_s 0.0813
query 1227 GMP_s 0.95 native_s 0.0812
query 1058 GMP_s 0.9541 native_s 0.0843
case root_intersection depth 0 degrees (1, 32, 32, 32, 32, 32, 32, 32, 32, 32, 32, 32, 32, 32, 32, 32, 32, 32, 32, 32, 32, 32, 32, 32, 32, 32, 32, 32, 32, 32, 32, 32)
index ready 3001 columns 32 mask dimensions 192
query 5311 GMP_s 0.9372 native_s 0.0812
query 5077 GMP_s 0.9381 native_s 0.081
query 1227 GMP_s 0.9311 native_s 0.0815
query 1058 GMP_s 0.9405 native_s 0.0809
case hierarchy depth 4 degrees (1, 4, 8, 8, 8, 16, 32, 32, 32, 32, 32, 32, 32, 32, 32, 32, 32, 32, 32, 32, 32, 32, 32, 32, 32, 32, 32, 32, 32, 32, 32, 32)
index ready 3001 columns 32 mask dimensions 180
query 5311 GMP_s 0.9432 native_s 0.083
query 5077 GMP_s 0.934 native_s 0.0828
query 1227 GMP_s 0.9353 native_s 0.0844
query 1058 GMP_s 0.9333 native_s 0.0838
case uniform_hierarchy degrees (1, 4, 8, 8, 8, 16, 32, 32, 32, 32, 32, 32, 32, 32, 32, 32, 32, 32, 32, 32, 32, 32, 32, 32, 32, 32, 32, 32, 32, 32, 32, 32)
index ready 3001 columns 32 mask dimensions 180
query 5311 GMP_s 0.944 native_s 0.0852
query 5077 GMP_s 0.9401 native_s 0.0842
query 1227 GMP_s 0.9417 native_s 0.0858
query 1058 GMP_s 0.9399 native_s 0.0859
case regrouped_hierarchy degrees (1, 8, 16, 16, 16, 32, 32, 32, 32, 32, 32, 32, 32, 32, 32, 32, 32, 32, 32, 32, 32, 32, 32, 32, 32, 32, 32, 32, 32, 32, 32, 32)
index ready 3001 columns 32 mask dimensions 164
query 5311 GMP_s 0.9408 native_s 0.0847
query 5077 GMP_s 0.9453 native_s 0.0849
query 1227 GMP_s 0.9523 native_s 0.085
query 1058 GMP_s 0.9406 native_s 0.0852
case global rank 85
index ready 3001 columns 85 mask dimensions 85
query 5311 GMP_s 1.0608 native_s 0.0819
query 5077 GMP_s 1.0605 native_s 0.0837
query 1227 GMP_s 1.0586 native_s 0.0827
query 1058 GMP_s 1.0648 native_s 0.0871
case raw rank 126
index ready 3001 columns 126 mask dimensions 126
query 5311 GMP_s 1.5301 native_s 0.0875
query 5077 GMP_s 1.5599 native_s 0.098
query 1227 GMP_s 1.5485 native_s 0.086
query 1058 GMP_s 1.5722 native_s 0.0897
{"output": "/home/pete/yavor-projects/xtrace-work/cuhepy-bfv-research/benchmarks/results/hierarchical_query_basis_mushroom_3001_20260929.json", "cases": 8, "depth_points": 6}
