case hierarchy depth 4 degrees (2, 4, 16, 16, 16, 32, 32, 32, 32, 32, 32, 32, 32, 32, 32, 32, 32, 32, 32, 32, 32, 32, 32, 32, 32, 32, 32, 32, 32, 32, 32, 32)
index ready 3002 columns 32 mask dimensions 194
query 6785 GMP_s 0.9549 native_s 0.0825
query 462 GMP_s 0.9516 native_s 0.0833
query 2252 GMP_s 0.945 native_s 0.0848
query 4158 GMP_s 0.9596 native_s 0.0865
case root_intersection depth 0 degrees (32, 32, 32, 32, 32, 32, 32, 32, 32, 32, 32, 32, 32, 32, 32, 32, 32, 32, 32, 32, 32, 32, 32, 32, 32, 32, 32, 32, 32, 32, 32, 32)
index ready 3002 columns 32 mask dimensions 208
query 6785 GMP_s 0.9832 native_s 0.0919
query 462 GMP_s 0.9719 native_s 0.0846
query 2252 GMP_s 0.9582 native_s 0.0819
query 4158 GMP_s 0.9532 native_s 0.0848
case flat_equal depth -1 degrees (32, 32, 32, 32, 32, 32, 32, 32, 32, 32, 32, 32, 32, 32, 32, 32, 32, 32, 32, 32, 32, 32, 32, 32, 32, 32, 32, 32, 32, 32, 32, 32)
index ready 3002 columns 32 mask dimensions 208
query 6785 GMP_s 0.9743 native_s 0.0814
query 462 GMP_s 0.956 native_s 0.0826
query 2252 GMP_s 0.954 native_s 0.0818
query 4158 GMP_s 0.9458 native_s 0.0836
case local depth None degrees (32, 32, 32, 32, 32, 32, 32, 32, 32, 32, 32, 32, 32, 32, 32, 32, 32, 32, 32, 32, 32, 32, 32, 32, 32, 32, 32, 32, 32, 32, 32, 32)
index ready 3002 columns 32 mask dimensions 596
query 6785 GMP_s 0.9619 native_s 0.0782
query 462 GMP_s 0.9543 native_s 0.0811
query 2252 GMP_s 0.9469 native_s 0.079
query 4158 GMP_s 0.9591 native_s 0.0829
case regrouped_hierarchy degrees (8, 8, 8, 32, 32, 32, 32, 32, 32, 32, 32, 32, 32, 32, 32, 32, 32, 32, 32, 32, 32, 32, 32, 32, 32, 32, 32, 32, 32, 32, 32, 32)
index ready 3002 columns 32 mask dimensions 173
query 6785 GMP_s 0.9823 native_s 0.0821
query 462 GMP_s 0.9475 native_s 0.0821
query 2252 GMP_s 0.9444 native_s 0.0831
query 4158 GMP_s 0.9753 native_s 0.0869
case uniform_hierarchy degrees (2, 4, 16, 16, 16, 32, 32, 32, 32, 32, 32, 32, 32, 32, 32, 32, 32, 32, 32, 32, 32, 32, 32, 32, 32, 32, 32, 32, 32, 32, 32, 32)
index ready 3002 columns 32 mask dimensions 194
query 6785 GMP_s 0.9711 native_s 0.0857
query 462 GMP_s 0.9547 native_s 0.0858
query 2252 GMP_s 0.9554 native_s 0.0851
query 4158 GMP_s 0.9512 native_s 0.0863
case raw rank 126
index ready 3002 columns 126 mask dimensions 126
query 6785 GMP_s 1.5415 native_s 0.0862
query 462 GMP_s 1.5512 native_s 0.0881
query 2252 GMP_s 1.5471 native_s 0.0871
query 4158 GMP_s 1.5513 native_s 0.0862
case global rank 85
index ready 3002 columns 85 mask dimensions 85
query 6785 GMP_s 1.0604 native_s 0.0829
query 462 GMP_s 1.0629 native_s 0.0823
query 2252 GMP_s 1.074 native_s 0.0844
query 4158 GMP_s 1.0697 native_s 0.084
{"output": "/home/pete/yavor-projects/xtrace-work/cuhepy-bfv-research/benchmarks/results/hierarchical_query_basis_mushroom_3002_20260929.json", "cases": 8, "depth_points": 6}
