baseline_t1153_q40 mushroom 3001 t/Qbits/F/h/W 1153 40 32 523 1024
query 893 local GMP/native checker 82.15 52.37 polynomial 50.59
query 6760 local GMP/native checker 82.39 52.43 polynomial 50.72
query 1698 local GMP/native checker 82.09 52.55 polynomial 50.91
query 5335 local GMP/native checker 81.97 53.36 polynomial 50.68
query 517 local GMP/native checker 83.01 53.42 polynomial 51.59
query 8074 local GMP/native checker 83.73 53.96 polynomial 52.15
query 55 local GMP/native checker 83.99 54.13 polynomial 52.36
query 7265 local GMP/native checker 83.74 53.68 polynomial 51.93
query 5271 local GMP/native checker 83.37 53.43 polynomial 51.65
same_field_narrow_lossless mushroom 3001 t/Qbits/F/h/W 1153 35 32 523 1024
query 893 local GMP/native checker 84.23 54.04 polynomial 52.23
query 6760 local GMP/native checker 84.5 53.92 polynomial 52.08
query 1698 local GMP/native checker 83.71 53.33 polynomial 51.7
query 5335 local GMP/native checker 83.97 53.7 polynomial 52.14
query 517 local GMP/native checker 84.72 54.29 polynomial 52.59
query 8074 local GMP/native checker 83.8 53.88 polynomial 52.08
query 55 local GMP/native checker 83.75 53.61 polynomial 51.84
query 7265 local GMP/native checker 91.31 61.13 polynomial 59.54
query 5271 local GMP/native checker 82.84 52.45 polynomial 50.57
selected_field_q32 mushroom 3001 t/Qbits/F/h/W 193 32 32 523 1024
query 893 local GMP/native checker 91.98 54.79 polynomial 52.44
query 6760 local GMP/native checker 91.13 53.93 polynomial 51.58
query 1698 local GMP/native checker 91.3 54.1 polynomial 51.8
query 5335 local GMP/native checker 92.0 54.76 polynomial 52.5
query 517 local GMP/native checker 92.08 55.17 polynomial 52.72
query 8074 local GMP/native checker 91.78 54.57 polynomial 52.14
query 55 local GMP/native checker 91.49 54.59 polynomial 52.3
query 7265 local GMP/native checker 91.53 54.33 polynomial 51.98
query 5271 local GMP/native checker 91.96 54.18 polynomial 51.79
{"output": "benchmarks/results/verification_frontier_mushroom_3001_20260930.json", "searches": 27}
