selected_field_q32 mushroom 3002 t/Qbits/F/h/W 193 32 32 596 1024
query 7233 local GMP/native checker 87.34 51.51 polynomial 49.26
query 5823 local GMP/native checker 87.35 51.58 polynomial 49.25
query 6452 local GMP/native checker 87.86 51.77 polynomial 49.57
query 84 local GMP/native checker 87.92 52.14 polynomial 50.01
query 5743 local GMP/native checker 88.87 53.17 polynomial 50.99
query 735 local GMP/native checker 88.82 53.06 polynomial 50.74
query 4381 local GMP/native checker 89.07 52.93 polynomial 50.7
query 6413 local GMP/native checker 88.6 52.66 polynomial 50.52
query 4850 local GMP/native checker 89.22 53.16 polynomial 50.88
same_field_narrow_lossless mushroom 3002 t/Qbits/F/h/W 1153 35 32 596 1024
query 7233 local GMP/native checker 83.91 54.06 polynomial 52.4
query 5823 local GMP/native checker 83.65 53.98 polynomial 52.12
query 6452 local GMP/native checker 83.86 53.63 polynomial 51.85
query 84 local GMP/native checker 83.48 53.69 polynomial 52.01
query 5743 local GMP/native checker 84.03 54.31 polynomial 52.42
query 735 local GMP/native checker 84.06 53.88 polynomial 52.07
query 4381 local GMP/native checker 84.3 54.32 polynomial 52.57
query 6413 local GMP/native checker 84.2 54.05 polynomial 52.46
query 4850 local GMP/native checker 84.24 54.07 polynomial 52.26
baseline_t1153_q40 mushroom 3002 t/Qbits/F/h/W 1153 40 32 596 1024
query 7233 local GMP/native checker 85.95 55.59 polynomial 53.69
query 5823 local GMP/native checker 86.1 55.88 polynomial 53.77
query 6452 local GMP/native checker 85.88 55.31 polynomial 53.37
query 84 local GMP/native checker 85.76 55.6 polynomial 53.96
query 5743 local GMP/native checker 86.35 55.76 polynomial 53.76
query 735 local GMP/native checker 85.5 55.59 polynomial 53.54
query 4381 local GMP/native checker 86.41 55.7 polynomial 53.88
query 6413 local GMP/native checker 86.4 55.94 polynomial 54.15
query 4850 local GMP/native checker 85.99 55.39 polynomial 53.38
{"output": "benchmarks/results/verification_frontier_mushroom_3002_20260930.json", "searches": 27}
