baseline_t1153_q40 semeion 3001 t/Qbits/F/h/W 1153 40 23 1401 1472
query 1099 local GMP/native checker 87.47 58.23 polynomial 55.82
query 1463 local GMP/native checker 86.42 56.36 polynomial 54.09
query 826 local GMP/native checker 86.82 57.07 polynomial 54.74
query 392 local GMP/native checker 87.97 56.93 polynomial 54.54
query 750 local GMP/native checker 86.39 56.74 polynomial 54.38
query 1316 local GMP/native checker 86.41 56.87 polynomial 54.46
query 1233 local GMP/native checker 86.38 56.84 polynomial 54.45
query 338 local GMP/native checker 86.67 57.22 polynomial 54.91
query 875 local GMP/native checker 86.76 57.44 polynomial 55.0
same_field_narrow_lossless semeion 3001 t/Qbits/F/h/W 1153 36 23 1401 1472
query 1099 local GMP/native checker 87.64 57.11 polynomial 54.76
query 1463 local GMP/native checker 87.3 57.17 polynomial 54.86
query 826 local GMP/native checker 88.36 57.39 polynomial 55.23
query 392 local GMP/native checker 87.98 57.47 polynomial 55.23
query 750 local GMP/native checker 88.74 58.38 polynomial 55.95
query 1316 local GMP/native checker 87.37 57.05 polynomial 54.8
query 1233 local GMP/native checker 87.35 57.11 polynomial 56.21
query 338 local GMP/native checker 87.87 57.52 polynomial 55.41
query 875 local GMP/native checker 87.37 57.25 polynomial 54.97
selected_field_q32 semeion 3001 t/Qbits/F/h/W 257 32 23 1401 1472
query 1099 local GMP/native checker 94.31 57.15 polynomial 54.29
query 1463 local GMP/native checker 93.76 56.77 polynomial 53.87
query 826 local GMP/native checker 94.09 57.02 polynomial 54.29
query 392 local GMP/native checker 94.08 57.02 polynomial 54.29
query 750 local GMP/native checker 94.56 57.2 polynomial 54.31
query 1316 local GMP/native checker 95.5 56.4 polynomial 53.59
query 1233 local GMP/native checker 93.61 56.66 polynomial 53.84
query 338 local GMP/native checker 94.03 56.79 polynomial 54.08
query 875 local GMP/native checker 94.35 57.06 polynomial 54.15
{"output": "benchmarks/results/verification_frontier_semeion_3001_20260930.json", "searches": 27}
