selected_field_q32 semeion 3002 t/Qbits/F/h/W 257 32 23 1401 1472
query 295 local GMP/native checker 95.8 58.24 polynomial 55.6
query 1231 local GMP/native checker 93.99 56.43 polynomial 53.54
query 1408 local GMP/native checker 104.05 56.85 polynomial 55.74
query 90 local GMP/native checker 94.65 58.63 polynomial 55.22
query 854 local GMP/native checker 97.34 60.01 polynomial 56.1
query 990 local GMP/native checker 93.55 56.97 polynomial 53.72
query 946 local GMP/native checker 93.39 56.35 polynomial 53.54
query 306 local GMP/native checker 94.81 56.96 polynomial 54.5
query 17 local GMP/native checker 94.37 57.08 polynomial 54.53
same_field_narrow_lossless semeion 3002 t/Qbits/F/h/W 1153 36 23 1401 1472
query 295 local GMP/native checker 90.65 59.34 polynomial 56.52
query 1231 local GMP/native checker 88.46 58.94 polynomial 56.43
query 1408 local GMP/native checker 89.16 58.03 polynomial 55.73
query 90 local GMP/native checker 89.86 57.96 polynomial 55.84
query 854 local GMP/native checker 88.9 59.66 polynomial 56.21
query 990 local GMP/native checker 87.93 57.85 polynomial 55.72
query 946 local GMP/native checker 91.49 59.26 polynomial 58.63
query 306 local GMP/native checker 88.98 59.32 polynomial 56.04
query 17 local GMP/native checker 90.35 58.89 polynomial 56.05
baseline_t1153_q40 semeion 3002 t/Qbits/F/h/W 1153 40 23 1401 1472
query 295 local GMP/native checker 94.26 62.81 polynomial 59.81
query 1231 local GMP/native checker 90.36 60.36 polynomial 56.78
query 1408 local GMP/native checker 91.03 59.7 polynomial 56.28
query 90 local GMP/native checker 94.54 61.88 polynomial 59.88
query 854 local GMP/native checker 90.94 59.46 polynomial 57.71
query 990 local GMP/native checker 91.82 60.36 polynomial 57.2
query 946 local GMP/native checker 96.04 63.56 polynomial 60.71
query 306 local GMP/native checker 92.6 61.16 polynomial 58.75
query 17 local GMP/native checker 97.62 63.9 polynomial 60.94
{"output": "benchmarks/results/verification_frontier_semeion_3002_20260930.json", "searches": 27}
